==============================================================================
CHARACTER AUDIT REPORT
==============================================================================
Total distinct non-ASCII characters: 37
Total non-ASCII character occurrences: 1333
Papers scanned: 8

------------------------------------------------------------------------------
Characters WITH single-char substitution rules (0):
------------------------------------------------------------------------------
  (none)

------------------------------------------------------------------------------
Characters WITHOUT substitution rules (37):
------------------------------------------------------------------------------
  '–' [U+2013, EN DASH]  x544 in 8 paper(s)  [pass-through]
  '’' [U+2019, RIGHT SINGLE QUOTATION MARK]  x316 in 8 paper(s)  [pass-through]
  '‘' [U+2018, LEFT SINGLE QUOTATION MARK]  x143 in 4 paper(s)  [pass-through]
  '“' [U+201C, LEFT DOUBLE QUOTATION MARK]  x79 in 5 paper(s)  [pass-through]
  '”' [U+201D, RIGHT DOUBLE QUOTATION MARK]  x76 in 5 paper(s)  [pass-through]
  '—' [U+2014, EM DASH]  x50 in 5 paper(s)  [pass-through]
  'ö' [U+00F6, LATIN SMALL LETTER O WITH DIAERESIS]  x13 in 3 paper(s)  [pass-through]
  '†' [U+2020, DAGGER]  x11 in 1 paper(s)  [pass-through]
  'ó' [U+00F3, LATIN SMALL LETTER O WITH ACUTE]  x9 in 2 paper(s)  [pass-through]
  'ź' [U+017A, LATIN SMALL LETTER Z WITH ACUTE]  x9 in 2 paper(s)  [pass-through]
  'ń' [U+0144, LATIN SMALL LETTER N WITH ACUTE]  x9 in 2 paper(s)  [pass-through]
  'ü' [U+00FC, LATIN SMALL LETTER U WITH DIAERESIS]  x8 in 3 paper(s)  [pass-through]
  'ˆ' [U+02C6, MODIFIER LETTER CIRCUMFLEX ACCENT]  x6 in 2 paper(s)  [pass-through]
  '¼' [U+00BC, VULGAR FRACTION ONE QUARTER]  x6 in 2 paper(s)  [pass-through]
  '·' [U+00B7, MIDDLE DOT]  x6 in 1 paper(s)  [pass-through]
  '≥' [U+2265, GREATER-THAN OR EQUAL TO]  x6 in 1 paper(s)  [pass-through]
  '•' [U+2022, BULLET]  x6 in 1 paper(s)  [pass-through]
  'ä' [U+00E4, LATIN SMALL LETTER A WITH DIAERESIS]  x4 in 2 paper(s)  [pass-through]
  '−' [U+2212, MINUS SIGN]  x3 in 2 paper(s)  [pass-through]
  '©' [U+00A9, COPYRIGHT SIGN]  x3 in 3 paper(s)  [pass-through]
  'é' [U+00E9, LATIN SMALL LETTER E WITH ACUTE]  x3 in 1 paper(s)  [pass-through]
  '∗' [U+2217, ASTERISK OPERATOR]  x2 in 1 paper(s)  [pass-through]
  '­' [U+00AD, SOFT HYPHEN]  x2 in 1 paper(s)  [pass-through]
  '⇑' [U+21D1, UPWARDS DOUBLE ARROW]  x2 in 2 paper(s)  [pass-through]
  'ð' [U+00F0, LATIN SMALL LETTER ETH]  x2 in 2 paper(s)  [pass-through]
  'Þ' [U+00DE, LATIN CAPITAL LETTER THORN]  x2 in 2 paper(s)  [pass-through]
  'α' [U+03B1, GREEK SMALL LETTER ALPHA]  x2 in 1 paper(s)  [pass-through]
  '≤' [U+2264, LESS-THAN OR EQUAL TO]  x2 in 1 paper(s)  [pass-through]
  'β' [U+03B2, GREEK SMALL LETTER BETA]  x1 in 1 paper(s)  [pass-through]
  '×' [U+00D7, MULTIPLICATION SIGN]  x1 in 1 paper(s)  [pass-through]
  'á' [U+00E1, LATIN SMALL LETTER A WITH ACUTE]  x1 in 1 paper(s)  [pass-through]
  '̊' [U+030A, COMBINING RING ABOVE]  x1 in 1 paper(s)  [pass-through]
  '̈' [U+0308, COMBINING DIAERESIS]  x1 in 1 paper(s)  [pass-through]
  'χ' [U+03C7, GREEK SMALL LETTER CHI]  x1 in 1 paper(s)  [pass-through]
  'Š' [U+0160, LATIN CAPITAL LETTER S WITH CARON]  x1 in 1 paper(s)  [pass-through]
  'í' [U+00ED, LATIN SMALL LETTER I WITH ACUTE]  x1 in 1 paper(s)  [pass-through]
  'ω' [U+03C9, GREEK SMALL LETTER OMEGA]  x1 in 1 paper(s)  [pass-through]

------------------------------------------------------------------------------
Pattern substitutions (regex) in config (2):
------------------------------------------------------------------------------
  '\\\\eta\\s*_\\s*\\{\\s*v\\s*\\}\\s*\\^\\s*\\{\\s*2\\s*\\}' -> '\\eta _ { p } ^ { 2 }'
  '\\\\eta\\s*_\\s*\\{\\s*o\\s*\\}\\s*\\^\\s*\\{\\s*2\\s*\\}' -> '\\eta _ { p } ^ { 2 }'

==============================================================================
End of report.
==============================================================================